###############################################################################
#
# IAR ELF Linker V7.70.1.11437/W32 for ARM                22/Feb/2017  11:26:31
# Copyright 2007-2016 IAR Systems AB.
#
#    Output file  =  
#        C:\Users\michele\Desktop\HOWERBOARD HACK\weelchair motor
#        hack\Debug\Exe\main.out
#    Map file     =  
#        C:\Users\michele\Desktop\HOWERBOARD HACK\weelchair motor
#        hack\Debug\List\main.map
#    Command line =  
#        "C:\Users\michele\Desktop\HOWERBOARD HACK\weelchair motor
#        hack\Debug\Obj\ADC_L.o" "C:\Users\michele\Desktop\HOWERBOARD
#        HACK\weelchair motor hack\Debug\Obj\ADC_R.o"
#        "C:\Users\michele\Desktop\HOWERBOARD HACK\weelchair motor
#        hack\Debug\Obj\application.o" "C:\Users\michele\Desktop\HOWERBOARD
#        HACK\weelchair motor hack\Debug\Obj\delay.o"
#        "C:\Users\michele\Desktop\HOWERBOARD HACK\weelchair motor
#        hack\Debug\Obj\i2c.o" "C:\Users\michele\Desktop\HOWERBOARD
#        HACK\weelchair motor hack\Debug\Obj\main.o"
#        "C:\Users\michele\Desktop\HOWERBOARD HACK\weelchair motor
#        hack\Debug\Obj\motor_L.o" "C:\Users\michele\Desktop\HOWERBOARD
#        HACK\weelchair motor hack\Debug\Obj\motor_R.o"
#        "C:\Users\michele\Desktop\HOWERBOARD HACK\weelchair motor
#        hack\Debug\Obj\pid.o" "C:\Users\michele\Desktop\HOWERBOARD
#        HACK\weelchair motor hack\Debug\Obj\startup_stm32f103xe.o"
#        "C:\Users\michele\Desktop\HOWERBOARD HACK\weelchair motor
#        hack\Debug\Obj\stm32f1xx_hal.o" "C:\Users\michele\Desktop\HOWERBOARD
#        HACK\weelchair motor hack\Debug\Obj\stm32f1xx_hal_adc.o"
#        "C:\Users\michele\Desktop\HOWERBOARD HACK\weelchair motor
#        hack\Debug\Obj\stm32f1xx_hal_adc_ex.o"
#        "C:\Users\michele\Desktop\HOWERBOARD HACK\weelchair motor
#        hack\Debug\Obj\stm32f1xx_hal_can.o"
#        "C:\Users\michele\Desktop\HOWERBOARD HACK\weelchair motor
#        hack\Debug\Obj\stm32f1xx_hal_cec.o"
#        "C:\Users\michele\Desktop\HOWERBOARD HACK\weelchair motor
#        hack\Debug\Obj\stm32f1xx_hal_cortex.o"
#        "C:\Users\michele\Desktop\HOWERBOARD HACK\weelchair motor
#        hack\Debug\Obj\stm32f1xx_hal_crc.o"
#        "C:\Users\michele\Desktop\HOWERBOARD HACK\weelchair motor
#        hack\Debug\Obj\stm32f1xx_hal_dac.o"
#        "C:\Users\michele\Desktop\HOWERBOARD HACK\weelchair motor
#        hack\Debug\Obj\stm32f1xx_hal_dac_ex.o"
#        "C:\Users\michele\Desktop\HOWERBOARD HACK\weelchair motor
#        hack\Debug\Obj\stm32f1xx_hal_dma.o"
#        "C:\Users\michele\Desktop\HOWERBOARD HACK\weelchair motor
#        hack\Debug\Obj\stm32f1xx_hal_eth.o"
#        "C:\Users\michele\Desktop\HOWERBOARD HACK\weelchair motor
#        hack\Debug\Obj\stm32f1xx_hal_flash.o"
#        "C:\Users\michele\Desktop\HOWERBOARD HACK\weelchair motor
#        hack\Debug\Obj\stm32f1xx_hal_flash_ex.o"
#        "C:\Users\michele\Desktop\HOWERBOARD HACK\weelchair motor
#        hack\Debug\Obj\stm32f1xx_hal_gpio.o"
#        "C:\Users\michele\Desktop\HOWERBOARD HACK\weelchair motor
#        hack\Debug\Obj\stm32f1xx_hal_gpio_ex.o"
#        "C:\Users\michele\Desktop\HOWERBOARD HACK\weelchair motor
#        hack\Debug\Obj\stm32f1xx_hal_hcd.o"
#        "C:\Users\michele\Desktop\HOWERBOARD HACK\weelchair motor
#        hack\Debug\Obj\stm32f1xx_hal_i2c.o"
#        "C:\Users\michele\Desktop\HOWERBOARD HACK\weelchair motor
#        hack\Debug\Obj\stm32f1xx_hal_i2s.o"
#        "C:\Users\michele\Desktop\HOWERBOARD HACK\weelchair motor
#        hack\Debug\Obj\stm32f1xx_hal_irda.o"
#        "C:\Users\michele\Desktop\HOWERBOARD HACK\weelchair motor
#        hack\Debug\Obj\stm32f1xx_hal_iwdg.o"
#        "C:\Users\michele\Desktop\HOWERBOARD HACK\weelchair motor
#        hack\Debug\Obj\stm32f1xx_hal_msp.o"
#        "C:\Users\michele\Desktop\HOWERBOARD HACK\weelchair motor
#        hack\Debug\Obj\stm32f1xx_hal_nand.o"
#        "C:\Users\michele\Desktop\HOWERBOARD HACK\weelchair motor
#        hack\Debug\Obj\stm32f1xx_hal_nor.o"
#        "C:\Users\michele\Desktop\HOWERBOARD HACK\weelchair motor
#        hack\Debug\Obj\stm32f1xx_hal_pccard.o"
#        "C:\Users\michele\Desktop\HOWERBOARD HACK\weelchair motor
#        hack\Debug\Obj\stm32f1xx_hal_pcd.o"
#        "C:\Users\michele\Desktop\HOWERBOARD HACK\weelchair motor
#        hack\Debug\Obj\stm32f1xx_hal_pcd_ex.o"
#        "C:\Users\michele\Desktop\HOWERBOARD HACK\weelchair motor
#        hack\Debug\Obj\stm32f1xx_hal_pwr.o"
#        "C:\Users\michele\Desktop\HOWERBOARD HACK\weelchair motor
#        hack\Debug\Obj\stm32f1xx_hal_rcc.o"
#        "C:\Users\michele\Desktop\HOWERBOARD HACK\weelchair motor
#        hack\Debug\Obj\stm32f1xx_hal_rcc_ex.o"
#        "C:\Users\michele\Desktop\HOWERBOARD HACK\weelchair motor
#        hack\Debug\Obj\stm32f1xx_hal_rtc.o"
#        "C:\Users\michele\Desktop\HOWERBOARD HACK\weelchair motor
#        hack\Debug\Obj\stm32f1xx_hal_rtc_ex.o"
#        "C:\Users\michele\Desktop\HOWERBOARD HACK\weelchair motor
#        hack\Debug\Obj\stm32f1xx_hal_sd.o"
#        "C:\Users\michele\Desktop\HOWERBOARD HACK\weelchair motor
#        hack\Debug\Obj\stm32f1xx_hal_smartcard.o"
#        "C:\Users\michele\Desktop\HOWERBOARD HACK\weelchair motor
#        hack\Debug\Obj\stm32f1xx_hal_spi.o"
#        "C:\Users\michele\Desktop\HOWERBOARD HACK\weelchair motor
#        hack\Debug\Obj\stm32f1xx_hal_spi_ex.o"
#        "C:\Users\michele\Desktop\HOWERBOARD HACK\weelchair motor
#        hack\Debug\Obj\stm32f1xx_hal_sram.o"
#        "C:\Users\michele\Desktop\HOWERBOARD HACK\weelchair motor
#        hack\Debug\Obj\stm32f1xx_hal_tim.o"
#        "C:\Users\michele\Desktop\HOWERBOARD HACK\weelchair motor
#        hack\Debug\Obj\stm32f1xx_hal_tim_ex.o"
#        "C:\Users\michele\Desktop\HOWERBOARD HACK\weelchair motor
#        hack\Debug\Obj\stm32f1xx_hal_uart.o"
#        "C:\Users\michele\Desktop\HOWERBOARD HACK\weelchair motor
#        hack\Debug\Obj\stm32f1xx_hal_usart.o"
#        "C:\Users\michele\Desktop\HOWERBOARD HACK\weelchair motor
#        hack\Debug\Obj\stm32f1xx_hal_wwdg.o"
#        "C:\Users\michele\Desktop\HOWERBOARD HACK\weelchair motor
#        hack\Debug\Obj\stm32f1xx_it.o" "C:\Users\michele\Desktop\HOWERBOARD
#        HACK\weelchair motor hack\Debug\Obj\stm32f1xx_ll_fsmc.o"
#        "C:\Users\michele\Desktop\HOWERBOARD HACK\weelchair motor
#        hack\Debug\Obj\stm32f1xx_ll_sdmmc.o"
#        "C:\Users\michele\Desktop\HOWERBOARD HACK\weelchair motor
#        hack\Debug\Obj\stm32f1xx_ll_usb.o"
#        "C:\Users\michele\Desktop\HOWERBOARD HACK\weelchair motor
#        hack\Debug\Obj\system_stm32f1xx.o"
#        "C:\Users\michele\Desktop\HOWERBOARD HACK\weelchair motor
#        hack\Debug\Obj\uart.o" "C:\Users\michele\Desktop\HOWERBOARD
#        HACK\weelchair motor hack\Debug\Obj\varie.o" -o
#        "C:\Users\michele\Desktop\HOWERBOARD HACK\weelchair motor
#        hack\Debug\Exe\main.out" --map "C:\Users\michele\Desktop\HOWERBOARD
#        HACK\weelchair motor hack\Debug\List\main.map" --config
#        "C:\Users\michele\Desktop\HOWERBOARD HACK\weelchair motor
#        hack\stm32f103xb_flash.icf" --semihosting --entry __iar_program_start
#        --vfe
#
###############################################################################

*******************************************************************************
*** RUNTIME MODEL ATTRIBUTES
***

CppFlavor       = *
__SystemLibrary = DLib


*******************************************************************************
*** PLACEMENT SUMMARY
***

"A0":  place at 0x08000000 { ro section .intvec };
"P1":  place in [from 0x08000000 to 0x0801ffff] { ro };
"P2":  place in [from 0x20000000 to 0x20004fff] { rw, block CSTACK, block HEAP };
initialize by copy { rw };

  Section            Kind        Address    Size  Object
  -------            ----        -------    ----  ------
"A0":                                      0x130
  .intvec            ro code  0x08000000   0x130  startup_stm32f103xe.o [1]
                            - 0x08000130   0x130

"P1":                                     0x6f38
  .text              ro code  0x08000130   0xd0a  stm32f1xx_hal_i2c.o [1]
  .rodata            const    0x08000e3a     0x2  stm32f1xx_hal_rcc.o [1]
  .text              ro code  0x08000e3c   0x430  stm32f1xx_hal_msp.o [1]
  .text              ro code  0x0800126c   0xa30  stm32f1xx_hal_rcc.o [1]
  .text              ro code  0x08001c9c   0xa2a  stm32f1xx_hal_dma.o [1]
  .text              ro code  0x080026c8   0x374  i2c.o [1]
  .text              ro code  0x08002a3c     0x2  stm32f1xx_hal_i2c.o [1]
  .text              ro code  0x08002a3e     0x2  stm32f1xx_hal_i2c.o [1]
  .text              ro code  0x08002a40     0x2  stm32f1xx_hal_i2c.o [1]
  .text              ro code  0x08002a42     0x2  stm32f1xx_hal_i2c.o [1]
  .text              ro code  0x08002a44     0xc  stm32f1xx_hal.o [1]
  .text              ro code  0x08002a50   0x18e  stm32f1xx_hal_cortex.o [1]
  .text              ro code  0x08002be0   0x34c  stm32f1xx_hal_gpio.o [1]
  .text              ro code  0x08002f2c   0x198  main.o [1]
  .text              ro code  0x080030c4    0x1a  stm32f1xx_hal.o [1]
  .text              ro code  0x080030de    0x24  stm32f1xx_hal.o [1]
  .text              ro code  0x08003104    0x56  ABImemcpy_unaligned.o [5]
  .text              ro code  0x0800315c    0x28  stm32f1xx_hal.o [1]
  .text              ro code  0x08003184    0x9c  delay.o [1]
  .text              ro code  0x08003220    0x94  uart.o [1]
  .text              ro code  0x080032b4   0x188  varie.o [1]
  .text              ro code  0x0800343c    0xb0  ADC_L.o [1]
  .text              ro code  0x080034ec    0xe4  ADC_R.o [1]
  .text              ro code  0x080035d0   0x674  motor_L.o [1]
  .text              ro code  0x08003c44   0x694  motor_R.o [1]
  .text              ro code  0x080042d8   0xb28  application.o [1]
  .text              ro code  0x08004e00    0x24  FltCmpLe.o [4]
  .text              ro code  0x08004e24    0xe8  stm32f1xx_hal_iwdg.o [1]
  .text              ro code  0x08004f0c   0x148  stm32f1xx_hal_rcc_ex.o [1]
  .text              ro code  0x08005054   0x52c  stm32f1xx_hal_tim.o [1]
  .text              ro code  0x08005580   0x214  stm32f1xx_hal_uart.o [1]
  .text              ro code  0x08005794   0x726  stm32f1xx_hal_adc.o [1]
  .text              ro code  0x08005ebc    0x48  stm32f1xx_hal_tim_ex.o [1]
  .text              ro code  0x08005f04    0x32  I32ToFlt.o [4]
  .text              ro code  0x08005f38    0x84  FltAdd.o [4]
  .text              ro code  0x08005fbc    0x4e  FltToDbl.o [4]
  .text              ro code  0x0800600c   0x256  DblDiv.o [4]
  .text              ro code  0x08006264    0x90  DblToFlt.o [4]
  .text              ro code  0x080062f4    0xe6  FltSub.o [4]
  .text              ro code  0x080063dc    0x24  FltCmpGe.o [4]
  .text              ro code  0x08006400    0xe8  DblAdd.o [4]
  .text              ro code  0x080064e8    0x2e  DblCmpLe.o [4]
  .text              ro code  0x08006518    0xd8  FltMul.o [4]
  .text              ro code  0x080065f0   0x1a2  DblMul.o [4]
  .text              ro code  0x08006794    0x44  FltToS32.o [4]
  .text              ro code  0x080067d8     0x8  abs.o [3]
  .text              ro code  0x080067e0    0xfc  FltDiv.o [4]
  .text              ro code  0x080068dc   0x180  DblSub.o [4]
  .text              ro code  0x08006a5c    0x4c  DblToI32.o [4]
  .text              ro code  0x08006aa8     0x2  stm32f1xx_hal_tim.o [1]
  .text              ro code  0x08006aaa     0x2  stm32f1xx_hal_adc.o [1]
  .text              ro code  0x08006aac     0x2  stm32f1xx_hal_adc.o [1]
  .text              ro code  0x08006ab0   0x1b4  stm32f1xx_it.o [1]
  .text              ro code  0x08006c64    0x10  stm32f1xx_hal.o [1]
  .rodata            const    0x08006c74   0x190  application.o [1]
  .text              ro code  0x08006e04    0x68  system_stm32f1xx.o [1]
  .text              ro code  0x08006e6c    0x40  zero_init3.o [5]
  .text              ro code  0x08006eac    0x2c  copy_init3.o [5]
  .text              ro code  0x08006ed8    0x28  data_init.o [5]
  .iar.init_table    const    0x08006f00    0x24  - Linker created -
  .text              ro code  0x08006f24    0x1a  cmain.o [5]
  .text              ro code  0x08006f3e     0x4  low_level_init.o [3]
  .text              ro code  0x08006f42     0x4  exit.o [3]
  .text              ro code  0x08006f48     0xa  cexit.o [5]
  .text              ro code  0x08006f54    0x14  exit.o [6]
  .rodata            const    0x08006f68    0x10  stm32f1xx_hal_rcc.o [1]
  .rodata            const    0x08006f78    0x10  system_stm32f1xx.o [1]
  .text              ro code  0x08006f88    0x10  startup_stm32f103xe.o [1]
  .text              ro code  0x08006f98     0xc  cstartup_M.o [5]
  .rodata            const    0x08006fa4     0x8  system_stm32f1xx.o [1]
  .text              ro code  0x08006fac     0x4  startup_stm32f103xe.o [1]
  .text              ro code  0x08006fb0     0x4  startup_stm32f103xe.o [1]
  .text              ro code  0x08006fb4     0x4  startup_stm32f103xe.o [1]
  .text              ro code  0x08006fb8     0x4  startup_stm32f103xe.o [1]
  .text              ro code  0x08006fbc     0x4  startup_stm32f103xe.o [1]
  .text              ro code  0x08006fc0     0x4  startup_stm32f103xe.o [1]
  .text              ro code  0x08006fc4     0x4  startup_stm32f103xe.o [1]
  .text              ro code  0x08006fc8     0x4  startup_stm32f103xe.o [1]
  .text              ro code  0x08006fcc     0x4  startup_stm32f103xe.o [1]
  .text              ro code  0x08006fd0     0x4  startup_stm32f103xe.o [1]
  .text              ro code  0x08006fd4     0x4  startup_stm32f103xe.o [1]
  .text              ro code  0x08006fd8     0x4  startup_stm32f103xe.o [1]
  .text              ro code  0x08006fdc     0x4  startup_stm32f103xe.o [1]
  .text              ro code  0x08006fe0     0x4  startup_stm32f103xe.o [1]
  .text              ro code  0x08006fe4     0x4  startup_stm32f103xe.o [1]
  .text              ro code  0x08006fe8     0x4  startup_stm32f103xe.o [1]
  .text              ro code  0x08006fec     0x4  startup_stm32f103xe.o [1]
  .text              ro code  0x08006ff0     0x4  startup_stm32f103xe.o [1]
  .text              ro code  0x08006ff4     0x4  startup_stm32f103xe.o [1]
  .text              ro code  0x08006ff8     0x4  startup_stm32f103xe.o [1]
  .text              ro code  0x08006ffc     0x4  startup_stm32f103xe.o [1]
  .text              ro code  0x08007000     0x4  startup_stm32f103xe.o [1]
  .text              ro code  0x08007004     0x4  startup_stm32f103xe.o [1]
  .text              ro code  0x08007008     0x4  startup_stm32f103xe.o [1]
  .text              ro code  0x0800700c     0x4  startup_stm32f103xe.o [1]
  .text              ro code  0x08007010     0x4  startup_stm32f103xe.o [1]
  .text              ro code  0x08007014     0x4  startup_stm32f103xe.o [1]
  .text              ro code  0x08007018     0x4  startup_stm32f103xe.o [1]
  .text              ro code  0x0800701c     0x4  startup_stm32f103xe.o [1]
  .text              ro code  0x08007020     0x4  startup_stm32f103xe.o [1]
  .text              ro code  0x08007024     0x4  startup_stm32f103xe.o [1]
  .text              ro code  0x08007028     0x4  startup_stm32f103xe.o [1]
  .text              ro code  0x0800702c     0x4  startup_stm32f103xe.o [1]
  .text              ro code  0x08007030     0x4  startup_stm32f103xe.o [1]
  .text              ro code  0x08007034     0x4  startup_stm32f103xe.o [1]
  .text              ro code  0x08007038     0x4  startup_stm32f103xe.o [1]
  .text              ro code  0x0800703c     0x4  startup_stm32f103xe.o [1]
  .text              ro code  0x08007040     0x4  startup_stm32f103xe.o [1]
  .text              ro code  0x08007044     0x4  startup_stm32f103xe.o [1]
  .text              ro code  0x08007048     0x4  startup_stm32f103xe.o [1]
  .text              ro code  0x0800704c     0x4  startup_stm32f103xe.o [1]
  .text              ro code  0x08007050     0x4  startup_stm32f103xe.o [1]
  .text              ro code  0x08007054     0x4  startup_stm32f103xe.o [1]
  .text              ro code  0x08007058     0x4  startup_stm32f103xe.o [1]
  .text              ro code  0x0800705c     0x4  startup_stm32f103xe.o [1]
  .text              ro code  0x08007060     0x4  startup_stm32f103xe.o [1]
  Initializer bytes  const    0x08007064     0x4  <for P2-1>
  .rodata            const    0x08007068     0x0  zero_init3.o [5]
  .rodata            const    0x08007068     0x0  copy_init3.o [5]
                            - 0x08007068  0x6f38

"P2", part 1 of 3:                           0x4
  P2-1                        0x20000000     0x4  <Init block>
    .data            inited   0x20000000     0x4  system_stm32f1xx.o [1]
                            - 0x20000004     0x4

"P2", part 2 of 3:                         0x860
  CSTACK                      0x20000008   0x860  <Block>
    CSTACK           uninit   0x20000008   0x860  <Block tail>
                            - 0x20000868   0x860

"P2", part 3 of 3:                         0x3bc
  .bss               zero     0x20000868    0x40  uart.o [1]
  .bss               zero     0x200008a8    0x3c  delay.o [1]
  .bss               zero     0x200008e4    0x3c  i2c.o [1]
  .bss               zero     0x20000920    0x3c  motor_L.o [1]
  .bss               zero     0x2000095c    0x3c  motor_R.o [1]
  .bss               zero     0x20000998    0x3c  pid.o [1]
  .bss               zero     0x200009d4    0x38  ADC_L.o [1]
  .bss               zero     0x20000a0c    0x38  ADC_R.o [1]
  .bss               zero     0x20000a44    0x38  i2c.o [1]
  .bss               zero     0x20000a7c    0x38  i2c.o [1]
  .bss               zero     0x20000ab4    0x38  uart.o [1]
  .bss               zero     0x20000aec    0x38  uart.o [1]
  .bss               zero     0x20000b24    0x30  ADC_L.o [1]
  .bss               zero     0x20000b54    0x30  ADC_R.o [1]
  .bss               zero     0x20000b84    0x2c  application.o [1]
  .bss               zero     0x20000bb0    0x14  application.o [1]
  .bss               zero     0x20000bc4    0x14  i2c.o [1]
  .bss               zero     0x20000bd8    0x10  main.o [1]
  .bss               zero     0x20000be8    0x10  motor_L.o [1]
  .bss               zero     0x20000bf8    0x10  motor_R.o [1]
  .bss               zero     0x20000c08     0x8  ADC_L.o [1]
  .bss               zero     0x20000c10     0x8  ADC_R.o [1]
  .bss               zero     0x20000c18     0x4  stm32f1xx_hal.o [1]
  .bss               zero     0x20000c1c     0x1  motor_L.o [1]
  .bss               zero     0x20000c1d     0x1  motor_L.o [1]
  .bss               zero     0x20000c1e     0x1  motor_R.o [1]
  .bss               zero     0x20000c1f     0x1  motor_R.o [1]
  .bss               zero     0x20000c20     0x1  uart.o [1]
                            - 0x20000c21   0x3b9


*******************************************************************************
*** INIT TABLE
***

          Address     Size
          -------     ----
Zero (__iar_zero_init3)
    1 destination range, total size 0x3b9:
          0x20000868  0x3b9

Copy (__iar_copy_init3)
    1 source range, total size 0x4:
          0x08007064    0x4
    1 destination range, total size 0x4:
          0x20000000    0x4



*******************************************************************************
*** MODULE SUMMARY
***

    Module                  ro code  ro data  rw data
    ------                  -------  -------  -------
C:\Users\michele\Desktop\HOWERBOARD HACK\weelchair motor hack\Debug\Obj: [1]
    ADC_L.o                     176               112
    ADC_R.o                     228               112
    application.o             2 856      400       64
    delay.o                     156                60
    i2c.o                       884               192
    main.o                      408                16
    motor_L.o                 1 652                78
    motor_R.o                 1 684                78
    pid.o                                          60
    startup_stm32f103xe.o       504
    stm32f1xx_hal.o             130                 4
    stm32f1xx_hal_adc.o       1 834
    stm32f1xx_hal_cortex.o      398
    stm32f1xx_hal_dma.o       2 602
    stm32f1xx_hal_gpio.o        844
    stm32f1xx_hal_i2c.o       3 346
    stm32f1xx_hal_iwdg.o        232
    stm32f1xx_hal_msp.o       1 072
    stm32f1xx_hal_rcc.o       2 608       18
    stm32f1xx_hal_rcc_ex.o      328
    stm32f1xx_hal_tim.o       1 326
    stm32f1xx_hal_tim_ex.o       72
    stm32f1xx_hal_uart.o        532
    stm32f1xx_it.o              436
    system_stm32f1xx.o          104       28        4
    uart.o                      148               177
    varie.o                     392
    -------------------------------------------------
    Total:                   24 952      446      957

command line: [2]
    -------------------------------------------------
    Total:

dl7M_tln.a: [3]
    abs.o                         8
    exit.o                        4
    low_level_init.o              4
    -------------------------------------------------
    Total:                       16

m7M_tl.a: [4]
    DblAdd.o                    232
    DblCmpLe.o                   46
    DblDiv.o                    598
    DblMul.o                    418
    DblSub.o                    384
    DblToFlt.o                  144
    DblToI32.o                   76
    FltAdd.o                    132
    FltCmpGe.o                   36
    FltCmpLe.o                   36
    FltDiv.o                    252
    FltMul.o                    216
    FltSub.o                    230
    FltToDbl.o                   78
    FltToS32.o                   68
    I32ToFlt.o                   50
    -------------------------------------------------
    Total:                    2 996

rt7M_tl.a: [5]
    ABImemcpy_unaligned.o        86
    cexit.o                      10
    cmain.o                      26
    copy_init3.o                 44
    cstartup_M.o                 12
    data_init.o                  40
    zero_init3.o                 64
    -------------------------------------------------
    Total:                      282

shb_l.a: [6]
    exit.o                       20
    -------------------------------------------------
    Total:                       20

    Gaps                         28
    Linker created                        36    2 144
-----------------------------------------------------
    Grand Total:             28 294      482    3 101


*******************************************************************************
*** ENTRY LIST
***

Entry                      Address   Size  Type      Object
-----                      -------   ----  ----      ------
.iar.init_table$$Base   0x08006f00          --   Gb  - Linker created -
.iar.init_table$$Limit  0x08006f24          --   Gb  - Linker created -
?main                   0x08006f25         Code  Gb  cmain.o [5]
ADC_BATTERY             0x08003599   0x1c  Code  Gb  ADC_R.o [1]
ADC_ConversionStop_Disable
                        0x08005ded   0x4a  Code  Gb  stm32f1xx_hal_adc.o [1]
ADC_DMAConvCplt         0x08005e39   0x52  Code  Gb  stm32f1xx_hal_adc.o [1]
ADC_DMAError            0x08005e9d   0x1e  Code  Gb  stm32f1xx_hal_adc.o [1]
ADC_DMAHalfConvCplt     0x08005e8d    0xe  Code  Gb  stm32f1xx_hal_adc.o [1]
ADC_Enable              0x08005d53   0x6e  Code  Gb  stm32f1xx_hal_adc.o [1]
ADC_L_callback          0x080034d3    0x8  Code  Gb  ADC_L.o [1]
ADC_L_init              0x0800343d   0x96  Code  Gb  ADC_L.o [1]
ADC_R_callback          0x080035b5    0x8  Code  Gb  ADC_R.o [1]
ADC_R_init              0x080034ed   0xac  Code  Gb  ADC_R.o [1]
AHBPrescTable           0x08006f78   0x10  Data  Gb  system_stm32f1xx.o [1]
APBPrescTable           0x08006fa4    0x8  Data  Gb  system_stm32f1xx.o [1]
Battery_TASK            0x08004aa5   0x7a  Code  Gb  application.o [1]
Battery_power           0x08006c74  0x190  Data  Gb  application.o [1]
BusFault_Handler        0x08006acb    0xc  Code  Gb  stm32f1xx_it.o [1]
Buzzer_OneBeep          0x0800339d   0x2c  Code  Gb  varie.o [1]
Buzzer_OneLongBeep      0x080033f5   0x2e  Code  Gb  varie.o [1]
Buzzer_OneShortBeep     0x080033c9   0x2c  Code  Gb  varie.o [1]
Buzzer_Set              0x0800338b   0x12  Code  Gb  varie.o [1]
Buzzer_init             0x080032b5   0x50  Code  Gb  varie.o [1]
CSTACK$$Base            0x20000008          --   Gb  - Linker created -
CSTACK$$Limit           0x20000868          --   Gb  - Linker created -
DMA1_Channel1_IRQHandler
                        0x08006c11    0xa  Code  Gb  stm32f1xx_it.o [1]
DMA1_Channel4_IRQHandler
                        0x08006b09    0xa  Code  Gb  stm32f1xx_it.o [1]
DMA1_Channel5_IRQHandler
                        0x08006b13    0xa  Code  Gb  stm32f1xx_it.o [1]
DMA1_Channel6_IRQHandler
                        0x08006b1d    0xa  Code  Gb  stm32f1xx_it.o [1]
DMA1_Channel7_IRQHandler
                        0x08006b27    0xa  Code  Gb  stm32f1xx_it.o [1]
DMA2_Channel4_5_IRQHandler
                        0x08006c1b    0xa  Code  Gb  stm32f1xx_it.o [1]
DMA_SetConfig           0x080026a5   0x22  Code  Lc  stm32f1xx_hal_dma.o [1]
DebugMon_Handler        0x08006ae5    0x2  Code  Gb  stm32f1xx_it.o [1]
Delay_us                0x080031ef   0x1c  Code  Gb  delay.o [1]
EXTI15_10_IRQHandler    0x08006b3b   0x38  Code  Gb  stm32f1xx_it.o [1]
EXTI9_5_IRQHandler      0x08006b73   0x32  Code  Gb  stm32f1xx_it.o [1]
Error_Handler           0x080030b9    0xc  Code  Gb  main.o [1]
GET_BatteryAverage      0x080042d9    0x8  Code  Gb  application.o [1]
HALL_L_ISR_Callback     0x08003b87    0xe  Code  Gb  motor_L.o [1]
HALL_R_ISR_Callback     0x08004221    0xe  Code  Gb  motor_R.o [1]
HAL_ADC_ConfigChannel   0x08005bbb  0x198  Code  Gb  stm32f1xx_hal_adc.o [1]
HAL_ADC_ConvCpltCallback
                        0x08003083   0x1e  Code  Gb  main.o [1]
HAL_ADC_ConvHalfCpltCallback
                        0x08006aab    0x2  Code  Wk  stm32f1xx_hal_adc.o [1]
HAL_ADC_ErrorCallback   0x08006aad    0x2  Code  Wk  stm32f1xx_hal_adc.o [1]
HAL_ADC_Init            0x08005795  0x18a  Code  Gb  stm32f1xx_hal_adc.o [1]
HAL_ADC_MspInit         0x08000eb9  0x140  Code  Gb  stm32f1xx_hal_msp.o [1]
HAL_ADC_Start           0x0800591f  0x12c  Code  Gb  stm32f1xx_hal_adc.o [1]
HAL_ADC_Start_DMA       0x08005a4b  0x170  Code  Gb  stm32f1xx_hal_adc.o [1]
HAL_DMA_IRQHandler      0x08001d63  0x900  Code  Gb  stm32f1xx_hal_dma.o [1]
HAL_DMA_Init            0x08001c9d   0x58  Code  Gb  stm32f1xx_hal_dma.o [1]
HAL_DMA_Start_IT        0x08001cf5   0x6e  Code  Gb  stm32f1xx_hal_dma.o [1]
HAL_Delay               0x080030c5   0x1a  Code  Wk  stm32f1xx_hal.o [1]
HAL_GPIO_Init           0x08002be1  0x2d6  Code  Gb  stm32f1xx_hal_gpio.o [1]
HAL_GPIO_ReadPin        0x08002eb7   0x18  Code  Gb  stm32f1xx_hal_gpio.o [1]
HAL_GPIO_WritePin       0x08002ecf   0x14  Code  Gb  stm32f1xx_hal_gpio.o [1]
HAL_GetTick             0x08002a45    0xc  Code  Wk  stm32f1xx_hal.o [1]
HAL_I2C_ER_IRQHandler   0x080005d3  0x13e  Code  Gb  stm32f1xx_hal_i2c.o [1]
HAL_I2C_EV_IRQHandler   0x080003e1  0x1f2  Code  Gb  stm32f1xx_hal_i2c.o [1]
HAL_I2C_ErrorCallback   0x08002a15   0x10  Code  Gb  i2c.o [1]
HAL_I2C_Init            0x08000131   0xb8  Code  Gb  stm32f1xx_hal_i2c.o [1]
HAL_I2C_MasterRxCpltCallback
                        0x08002a05   0x10  Code  Gb  i2c.o [1]
HAL_I2C_MasterTxCpltCallback
                        0x080029f5   0x10  Code  Gb  i2c.o [1]
HAL_I2C_Master_Receive_DMA
                        0x080002c9   0xfe  Code  Gb  stm32f1xx_hal_i2c.o [1]
HAL_I2C_Master_Transmit_DMA
                        0x080001e9   0xe0  Code  Gb  stm32f1xx_hal_i2c.o [1]
HAL_I2C_MemRxCpltCallback
                        0x08002a3f    0x2  Code  Wk  stm32f1xx_hal_i2c.o [1]
HAL_I2C_MemTxCpltCallback
                        0x08002a3d    0x2  Code  Wk  stm32f1xx_hal_i2c.o [1]
HAL_I2C_MspInit         0x08000ff9  0x112  Code  Gb  stm32f1xx_hal_msp.o [1]
HAL_I2C_SlaveRxCpltCallback
                        0x08002a41    0x2  Code  Wk  stm32f1xx_hal_i2c.o [1]
HAL_I2C_SlaveTxCpltCallback
                        0x08002a43    0x2  Code  Wk  stm32f1xx_hal_i2c.o [1]
HAL_IWDG_Init           0x08004e25   0x64  Code  Gb  stm32f1xx_hal_iwdg.o [1]
HAL_IWDG_MspInit        0x08004f0b    0x2  Code  Wk  stm32f1xx_hal_iwdg.o [1]
HAL_IWDG_Refresh        0x08004eb9   0x52  Code  Gb  stm32f1xx_hal_iwdg.o [1]
HAL_IWDG_Start          0x08004e89   0x30  Code  Gb  stm32f1xx_hal_iwdg.o [1]
HAL_IncTick             0x08006c65   0x10  Code  Wk  stm32f1xx_hal.o [1]
HAL_Init                0x0800315d   0x22  Code  Gb  stm32f1xx_hal.o [1]
HAL_InitTick            0x080030df   0x24  Code  Wk  stm32f1xx_hal.o [1]
HAL_MspInit             0x08000e3d   0x7c  Code  Gb  stm32f1xx_hal_msp.o [1]
HAL_NVIC_DisableIRQ     0x08002b75    0xe  Code  Gb  stm32f1xx_hal_cortex.o [1]
HAL_NVIC_EnableIRQ      0x08002b67    0xe  Code  Gb  stm32f1xx_hal_cortex.o [1]
HAL_NVIC_SetPriority    0x08002b41   0x26  Code  Gb  stm32f1xx_hal_cortex.o [1]
HAL_NVIC_SetPriorityGrouping
                        0x08002b35    0xc  Code  Gb  stm32f1xx_hal_cortex.o [1]
HAL_RCCEx_PeriphCLKConfig
                        0x08004f0d  0x130  Code  Gb  stm32f1xx_hal_rcc_ex.o [1]
HAL_RCC_ClockConfig     0x08001963  0x228  Code  Gb  stm32f1xx_hal_rcc.o [1]
HAL_RCC_GetHCLKFreq     0x08001c15    0x6  Code  Gb  stm32f1xx_hal_rcc.o [1]
HAL_RCC_GetPCLK1Freq    0x08001c1b   0x20  Code  Gb  stm32f1xx_hal_rcc.o [1]
HAL_RCC_GetPCLK2Freq    0x08001c3b   0x20  Code  Gb  stm32f1xx_hal_rcc.o [1]
HAL_RCC_GetSysClockFreq
                        0x08001b8b   0x8a  Code  Gb  stm32f1xx_hal_rcc.o [1]
HAL_RCC_OscConfig       0x0800126d  0x6f6  Code  Gb  stm32f1xx_hal_rcc.o [1]
HAL_SYSTICK_CLKSourceConfig
                        0x08002b8f   0x20  Code  Gb  stm32f1xx_hal_cortex.o [1]
HAL_SYSTICK_Callback    0x08002bdd    0x2  Code  Wk  stm32f1xx_hal_cortex.o [1]
HAL_SYSTICK_Config      0x08002b83    0xc  Code  Gb  stm32f1xx_hal_cortex.o [1]
HAL_SYSTICK_IRQHandler  0x08002bd5    0x8  Code  Gb  stm32f1xx_hal_cortex.o [1]
HAL_TIMEx_ConfigBreakDeadTime
                        0x08005ebd   0x48  Code  Gb  stm32f1xx_hal_tim_ex.o [1]
HAL_TIM_Base_Init       0x08005055   0x38  Code  Gb  stm32f1xx_hal_tim.o [1]
HAL_TIM_Base_MspInit    0x0800557f    0x2  Code  Wk  stm32f1xx_hal_tim.o [1]
HAL_TIM_Base_Start      0x0800508d   0x1e  Code  Gb  stm32f1xx_hal_tim.o [1]
HAL_TIM_Base_Stop       0x080050ab   0x36  Code  Gb  stm32f1xx_hal_tim.o [1]
HAL_TIM_PWM_ConfigChannel
                        0x08005205  0x100  Code  Gb  stm32f1xx_hal_tim.o [1]
HAL_TIM_PWM_Init        0x080050e1   0x38  Code  Gb  stm32f1xx_hal_tim.o [1]
HAL_TIM_PWM_MspInit     0x08006aa9    0x2  Code  Wk  stm32f1xx_hal_tim.o [1]
HAL_TIM_PWM_Start       0x08005119   0x4c  Code  Gb  stm32f1xx_hal_tim.o [1]
HAL_TIM_PWM_Start_IT    0x08005165   0x98  Code  Gb  stm32f1xx_hal_tim.o [1]
HAL_UART_Init           0x08005581   0x70  Code  Gb  stm32f1xx_hal_uart.o [1]
HAL_UART_MspInit        0x0800110b  0x10a  Code  Gb  stm32f1xx_hal_msp.o [1]
HardFault_Handler       0x08006ab3    0xc  Code  Gb  stm32f1xx_it.o [1]
I2C1_ER_IRQHandler      0x08006aff    0xa  Code  Gb  stm32f1xx_it.o [1]
I2C1_EV_IRQHandler      0x08006af5    0xa  Code  Gb  stm32f1xx_it.o [1]
I2C2_ER_IRQHandler      0x08006b31    0xa  Code  Gb  stm32f1xx_it.o [1]
I2C_Configure_Speed     0x08000c1d   0x60  Code  Lc  stm32f1xx_hal_i2c.o [1]
I2C_DMAError            0x08000c8d   0x32  Code  Lc  stm32f1xx_hal_i2c.o [1]
I2C_DMAMasterReceiveCplt
                        0x08000bc1   0x5c  Code  Lc  stm32f1xx_hal_i2c.o [1]
I2C_DMAMasterTransmitCplt
                        0x08000b65   0x5c  Code  Lc  stm32f1xx_hal_i2c.o [1]
I2C_MasterReceive_BTF   0x08000815   0xa6  Code  Lc  stm32f1xx_hal_i2c.o [1]
I2C_MasterReceive_RXNE  0x08000799   0x7c  Code  Lc  stm32f1xx_hal_i2c.o [1]
I2C_MasterRequestRead   0x08000a5f  0x106  Code  Lc  stm32f1xx_hal_i2c.o [1]
I2C_MasterRequestWrite  0x080009c7   0x96  Code  Lc  stm32f1xx_hal_i2c.o [1]
I2C_MasterTransmit_BTF  0x0800073d   0x5c  Code  Lc  stm32f1xx_hal_i2c.o [1]
I2C_MasterTransmit_TXE  0x08000711   0x2c  Code  Lc  stm32f1xx_hal_i2c.o [1]
I2C_SlaveReceive_BTF    0x08000915   0x1e  Code  Lc  stm32f1xx_hal_i2c.o [1]
I2C_SlaveReceive_RXNE   0x080008f7   0x1e  Code  Lc  stm32f1xx_hal_i2c.o [1]
I2C_SlaveTransmit_BTF   0x080008d9   0x1e  Code  Lc  stm32f1xx_hal_i2c.o [1]
I2C_SlaveTransmit_TXE   0x080008bb   0x1e  Code  Lc  stm32f1xx_hal_i2c.o [1]
I2C_Slave_ADDR          0x08000933   0x18  Code  Lc  stm32f1xx_hal_i2c.o [1]
I2C_Slave_AF            0x0800098f   0x38  Code  Lc  stm32f1xx_hal_i2c.o [1]
I2C_Slave_STOPF         0x0800094b   0x44  Code  Lc  stm32f1xx_hal_i2c.o [1]
I2C_WaitOnFlagUntilTimeout
                        0x08000cbf   0xda  Code  Lc  stm32f1xx_hal_i2c.o [1]
I2C_WaitOnMasterAddressFlagUntilTimeout
                        0x08000d99   0xa2  Code  Lc  stm32f1xx_hal_i2c.o [1]
IS_Charge               0x08003423    0xe  Code  Gb  varie.o [1]
IS_Charge_init          0x08003343   0x36  Code  Gb  varie.o [1]
Led_Set                 0x08003379   0x12  Code  Gb  varie.o [1]
Led_init                0x08003305   0x3e  Code  Gb  varie.o [1]
MX_I2C2_Init            0x080026c9   0xb6  Code  Gb  i2c.o [1]
MX_IWDG_Init            0x0800303f   0x44  Code  Lc  main.o [1]
MX_TIM1_Init            0x08003dd3  0x226  Code  Gb  motor_R.o [1]
MX_TIM8_Init            0x08003759  0x226  Code  Gb  motor_L.o [1]
MX_USART2_UART_Init     0x08003221   0x80  Code  Gb  uart.o [1]
MemManage_Handler       0x08006abf    0xc  Code  Gb  stm32f1xx_it.o [1]
MotorL_init             0x080035d1   0x30  Code  Gb  motor_L.o [1]
MotorL_pwm              0x0800363d   0xba  Code  Gb  motor_L.o [1]
MotorL_pwm::last_motorL
                        0x20000c1c    0x1  Data  Lc  motor_L.o [1]
MotorL_pwm::last_motorLStop
                        0x20000c1d    0x1  Data  Lc  motor_L.o [1]
MotorL_start            0x08003601   0x3c  Code  Gb  motor_L.o [1]
MotorL_stop             0x080036f7   0x62  Code  Gb  motor_L.o [1]
MotorR_init             0x08003c45   0x30  Code  Gb  motor_R.o [1]
MotorR_pwm              0x08003cb1   0xba  Code  Gb  motor_R.o [1]
MotorR_pwm::last_motorR
                        0x20000c1e    0x1  Data  Lc  motor_R.o [1]
MotorR_pwm::last_motorRStop
                        0x20000c1f    0x1  Data  Lc  motor_R.o [1]
MotorR_start            0x08003c75   0x3c  Code  Gb  motor_R.o [1]
MotorR_stop             0x08003d6b   0x68  Code  Gb  motor_R.o [1]
NMI_Handler             0x08006ab1    0x2  Code  Gb  stm32f1xx_it.o [1]
NVIC_DisableIRQ         0x08002a8d   0x14  Code  Lc  stm32f1xx_hal_cortex.o [1]
NVIC_EnableIRQ          0x08002a79   0x14  Code  Lc  stm32f1xx_hal_cortex.o [1]
NVIC_EncodePriority     0x08002ac7   0x3e  Code  Lc  stm32f1xx_hal_cortex.o [1]
NVIC_GetPriorityGrouping
                        0x08002a6f    0xa  Code  Lc  stm32f1xx_hal_cortex.o [1]
NVIC_SetPriority        0x08002aa1   0x26  Code  Lc  stm32f1xx_hal_cortex.o [1]
NVIC_SetPriorityGrouping
                        0x08002a51   0x1e  Code  Lc  stm32f1xx_hal_cortex.o [1]
PWM_L_ISR_Callback      0x08003b95   0x6c  Code  Gb  motor_L.o [1]
PWM_R_ISR_Callback      0x0800422f   0x6c  Code  Gb  motor_R.o [1]
PendSV_Handler          0x08006ae7    0x2  Code  Gb  stm32f1xx_it.o [1]
Region$$Table$$Base     0x08006f00          --   Gb  - Linker created -
Region$$Table$$Limit    0x08006f24          --   Gb  - Linker created -
SVC_Handler             0x08006ae3    0x2  Code  Gb  stm32f1xx_it.o [1]
SysTick_Config          0x08002b05   0x30  Code  Lc  stm32f1xx_hal_cortex.o [1]
SysTick_Handler         0x08006ae9    0xc  Code  Gb  stm32f1xx_it.o [1]
SystemClock_Config      0x08002faf   0x90  Code  Gb  main.o [1]
SystemCoreClock         0x20000000    0x4  Data  Gb  system_stm32f1xx.o [1]
SystemInit              0x08006e05   0x4e  Code  Gb  system_stm32f1xx.o [1]
TASK_BATTERY_LOW_VOLTAGE
                        0x080042e1   0x26  Code  Gb  application.o [1]
TIM1_CC_IRQHandler      0x08006ba5   0x36  Code  Gb  stm32f1xx_it.o [1]
TIM3_IRQHandler         0x08006c25    0xc  Code  Gb  stm32f1xx_it.o [1]
TIM8_CC_IRQHandler      0x08006bdb   0x36  Code  Gb  stm32f1xx_it.o [1]
TIM_Base_SetConfig      0x08005305   0x88  Code  Gb  stm32f1xx_hal_tim.o [1]
TIM_CCxChannelCmd       0x08005561   0x1e  Code  Gb  stm32f1xx_hal_tim.o [1]
TIM_OC1_SetConfig       0x0800538d   0x72  Code  Lc  stm32f1xx_hal_tim.o [1]
TIM_OC2_SetConfig       0x080053ff   0x7c  Code  Gb  stm32f1xx_hal_tim.o [1]
TIM_OC3_SetConfig       0x0800547b   0x7a  Code  Lc  stm32f1xx_hal_tim.o [1]
TIM_OC4_SetConfig       0x080054f5   0x58  Code  Lc  stm32f1xx_hal_tim.o [1]
Tim3PID                 0x20000998   0x3c  Data  Gb  pid.o [1]
TimHandle               0x200008a8   0x3c  Data  Gb  delay.o [1]
UART_SetConfig          0x080055f1  0x198  Code  Lc  stm32f1xx_hal_uart.o [1]
UartRxReady             0x20000c20    0x1  Data  Gb  uart.o [1]
UsageFault_Handler      0x08006ad7    0xc  Code  Gb  stm32f1xx_it.o [1]
WAIT_CHARGE_FINISH      0x08004307   0x36  Code  Gb  application.o [1]
WiiNunchuck_INIT        0x0800277f   0x42  Code  Gb  i2c.o [1]
WiiNunchuck_TASK        0x080027c1  0x22a  Code  Gb  i2c.o [1]
__aeabi_cdcmple         0x080064e9         Code  Gb  DblCmpLe.o [4]
__aeabi_cfcmple         0x08004e01         Code  Gb  FltCmpLe.o [4]
__aeabi_cfrcmple        0x080063dd         Code  Gb  FltCmpGe.o [4]
__aeabi_d2f             0x08006265         Code  Gb  DblToFlt.o [4]
__aeabi_d2iz            0x08006a5d         Code  Gb  DblToI32.o [4]
__aeabi_dadd            0x08006401         Code  Gb  DblAdd.o [4]
__aeabi_ddiv            0x0800600d         Code  Gb  DblDiv.o [4]
__aeabi_dmul            0x080065f1         Code  Gb  DblMul.o [4]
__aeabi_dsub            0x080068dd         Code  Gb  DblSub.o [4]
__aeabi_f2d             0x08005fbd         Code  Gb  FltToDbl.o [4]
__aeabi_f2iz            0x08006795         Code  Gb  FltToS32.o [4]
__aeabi_fadd            0x08005f39         Code  Gb  FltAdd.o [4]
__aeabi_fdiv            0x080067e1         Code  Gb  FltDiv.o [4]
__aeabi_fmul            0x08006519         Code  Gb  FltMul.o [4]
__aeabi_fsub            0x080062f5         Code  Gb  FltSub.o [4]
__aeabi_i2f             0x08005f05         Code  Gb  I32ToFlt.o [4]
__aeabi_ui2f            0x08005f19         Code  Gb  I32ToFlt.o [4]
__cmain                 0x08006f25         Code  Gb  cmain.o [5]
__exit                  0x08006f55   0x14  Code  Gb  exit.o [6]
__iar_copy_init3        0x08006ead   0x2c  Code  Gb  copy_init3.o [5]
__iar_d2uiz             0x08006a89         Code  Gb  DblToI32.o [4]
__iar_dadd              0x08006415         Code  Gb  DblAdd.o [4]
__iar_data_init3        0x08006ed9   0x28  Code  Gb  data_init.o [5]
__iar_dsub              0x080068f1         Code  Gb  DblSub.o [4]
__iar_dsubStart         0x08006903         Code  Gb  DblSub.o [4]
__iar_fadd              0x08005f49         Code  Gb  FltAdd.o [4]
__iar_fsub              0x08006305         Code  Gb  FltSub.o [4]
__iar_fsubStart         0x08006315         Code  Gb  FltSub.o [4]
__iar_program_start     0x08006f99         Code  Gb  cstartup_M.o [5]
__iar_ui2f              0x08005f1d         Code  Gb  I32ToFlt.o [4]
__iar_unaligned___aeabi_memcpy4
                        0x08003105         Code  Gb  ABImemcpy_unaligned.o [5]
__iar_unaligned___aeabi_memcpy8
                        0x08003105         Code  Gb  ABImemcpy_unaligned.o [5]
__iar_zero_init3        0x08006e6d   0x40  Code  Gb  zero_init3.o [5]
__low_level_init        0x08006f3f    0x4  Code  Gb  low_level_init.o [3]
__vector_table          0x08000000         Data  Gb  startup_stm32f103xe.o [1]
_call_main              0x08006f31         Code  Gb  cmain.o [5]
_exit                   0x08006f49         Code  Gb  cexit.o [5]
_init_us                0x08003185   0x54  Code  Gb  delay.o [1]
_main                   0x08006f3b         Code  Gb  cmain.o [5]
_stop_timer             0x080031d9   0x16  Code  Gb  delay.o [1]
abs                     0x080067d9    0x8  Code  Gb  abs.o [3]
accellerationX          0x08004a23   0x82  Code  Gb  application.o [1]
accellerationY          0x0800498f   0x94  Code  Gb  application.o [1]
adc_Ldati               0x20000c08    0x8  Data  Gb  ADC_L.o [1]
adc_Rdati               0x20000c10    0x8  Data  Gb  ADC_R.o [1]
app                     0x20000b84   0x2c  Data  Gb  application.o [1]
applcation_TASK         0x0800438d  0x428  Code  Gb  application.o [1]
applcation_init         0x0800433d   0x50  Code  Gb  application.o [1]
battery_dati            0x20000bb0   0x14  Data  Gb  application.o [1]
exit                    0x08006f43    0x4  Code  Gb  exit.o [3]
get_powerMax            0x0800488d  0x102  Code  Gb  application.o [1]
go_motor                0x08004b1f  0x282  Code  Gb  application.o [1]
hadc1                   0x20000b54   0x30  Data  Gb  ADC_R.o [1]
hadc3                   0x20000b24   0x30  Data  Gb  ADC_L.o [1]
hdma_adc1               0x20000a0c   0x38  Data  Gb  ADC_R.o [1]
hdma_adc3               0x200009d4   0x38  Data  Gb  ADC_L.o [1]
hdma_i2c2_rx            0x20000a44   0x38  Data  Gb  i2c.o [1]
hdma_i2c2_tx            0x20000a7c   0x38  Data  Gb  i2c.o [1]
hdma_usart2_rx          0x20000ab4   0x38  Data  Gb  uart.o [1]
hdma_usart2_tx          0x20000aec   0x38  Data  Gb  uart.o [1]
hi2c2                   0x200008e4   0x3c  Data  Gb  i2c.o [1]
hiwdg                   0x20000bd8   0x10  Data  Gb  main.o [1]
htim1                   0x2000095c   0x3c  Data  Gb  motor_R.o [1]
htim8                   0x20000920   0x3c  Data  Gb  motor_L.o [1]
huart2                  0x20000868   0x40  Data  Gb  uart.o [1]
mL_AHigh__OFF           0x08003a0f   0x14  Code  Gb  motor_L.o [1]
mL_AHigh__ON            0x080039fd   0x12  Code  Gb  motor_L.o [1]
mL_BHigh__OFF           0x08003a35   0x14  Code  Gb  motor_L.o [1]
mL_BHigh__ON            0x08003a23   0x12  Code  Gb  motor_L.o [1]
mL_BLDCMotor            0x08003a95   0xf2  Code  Gb  motor_L.o [1]
mL_CHigh__OFF           0x08003a5b   0x14  Code  Gb  motor_L.o [1]
mL_CHigh__ON            0x08003a49   0x12  Code  Gb  motor_L.o [1]
mL_HallSensor_init      0x0800397f   0x48  Code  Gb  motor_L.o [1]
mL_Low_CH1_OFF          0x080039d1    0x8  Code  Gb  motor_L.o [1]
mL_Low_CH1_ON           0x080039c7    0xa  Code  Gb  motor_L.o [1]
mL_Low_CH2_OFF          0x080039e3    0x8  Code  Gb  motor_L.o [1]
mL_Low_CH2_ON           0x080039d9    0xa  Code  Gb  motor_L.o [1]
mL_Low_CH3_OFF          0x080039f5    0x8  Code  Gb  motor_L.o [1]
mL_Low_CH3_ON           0x080039eb    0xa  Code  Gb  motor_L.o [1]
mL_PWM_Set_ChALL        0x08003a6f   0x26  Code  Gb  motor_L.o [1]
mR_AHigh__OFF           0x08004091   0x14  Code  Gb  motor_R.o [1]
mR_AHigh__ON            0x0800407f   0x12  Code  Gb  motor_R.o [1]
mR_BHigh__OFF           0x080040b7   0x14  Code  Gb  motor_R.o [1]
mR_BHigh__ON            0x080040a5   0x12  Code  Gb  motor_R.o [1]
mR_BLDCMotor            0x08004117  0x10a  Code  Gb  motor_R.o [1]
mR_CHigh__OFF           0x080040dd   0x14  Code  Gb  motor_R.o [1]
mR_CHigh__ON            0x080040cb   0x12  Code  Gb  motor_R.o [1]
mR_HallSensor_init      0x08004035   0x4a  Code  Gb  motor_R.o [1]
mR_Low_CH1_OFF          0x08004003    0xa  Code  Gb  motor_R.o [1]
mR_Low_CH1_ON           0x08003ff9    0xa  Code  Gb  motor_R.o [1]
mR_Low_CH2_OFF          0x08004017    0xa  Code  Gb  motor_R.o [1]
mR_Low_CH2_ON           0x0800400d    0xa  Code  Gb  motor_R.o [1]
mR_Low_CH3_OFF          0x0800402b    0xa  Code  Gb  motor_R.o [1]
mR_Low_CH3_ON           0x08004021    0xa  Code  Gb  motor_R.o [1]
mR_PWM_Set_ChALL        0x080040f1   0x26  Code  Gb  motor_R.o [1]
main                    0x08002f2d   0x82  Code  Gb  main.o [1]
motorL                  0x20000be8   0x10  Data  Gb  motor_L.o [1]
motorR                  0x20000bf8   0x10  Data  Gb  motor_R.o [1]
normalize_x             0x08004805   0x50  Code  Gb  application.o [1]
normalize_y             0x080047b5   0x50  Code  Gb  application.o [1]
nunchuk_decode_byte     0x080029eb    0xa  Code  Gb  i2c.o [1]
scale_x                 0x08004871   0x1c  Code  Gb  application.o [1]
scale_y                 0x08004855   0x1c  Code  Gb  application.o [1]
uwTick                  0x20000c18    0x4  Data  Lc  stm32f1xx_hal.o [1]
wii_JOYdati             0x20000bc4   0x14  Data  Gb  i2c.o [1]


[1] = C:\Users\michele\Desktop\HOWERBOARD HACK\weelchair motor hack\Debug\Obj
[2] = command line
[3] = dl7M_tln.a
[4] = m7M_tl.a
[5] = rt7M_tl.a
[6] = shb_l.a

  28 294 bytes of readonly  code memory
     482 bytes of readonly  data memory
   3 101 bytes of readwrite data memory

Errors: none
Warnings: none
